#-----------------------------------------------------------
# Webtalk v2019.2 (64-bit)
# SW Build 2708876 on Wed Nov  6 21:40:23 MST 2019
# IP Build 2700528 on Thu Nov  7 00:09:20 MST 2019
# Start of session at: Sun Feb 21 00:01:36 2021
# Process ID: 29860
# Current directory: C:/Users/George/Desktop/Github/Bronco Pong/Testing stuff out/joystick pmod/JSTK_SPI_rev1/JSTK_SPI_rev1.sim/sim_1/behav/xsim
# Command line: wbtcv.exe -mode batch -source C:/Users/George/Desktop/Github/Bronco Pong/Testing stuff out/joystick pmod/JSTK_SPI_rev1/JSTK_SPI_rev1.sim/sim_1/behav/xsim/xsim.dir/PmodJSTK_Demo_behav/webtalk/xsim_webtalk.tcl -notrace
# Log file: C:/Users/George/Desktop/Github/Bronco Pong/Testing stuff out/joystick pmod/JSTK_SPI_rev1/JSTK_SPI_rev1.sim/sim_1/behav/xsim/webtalk.log
# Journal file: C:/Users/George/Desktop/Github/Bronco Pong/Testing stuff out/joystick pmod/JSTK_SPI_rev1/JSTK_SPI_rev1.sim/sim_1/behav/xsim\webtalk.jou
#-----------------------------------------------------------
source C:/Users/George/Desktop/Github/Bronco -notrace
