#-----------------------------------------------------------
# Vivado v2020.2 (64-bit)
# SW Build 3064766 on Wed Nov 18 09:12:45 MST 2020
# IP Build 3064653 on Wed Nov 18 14:17:31 MST 2020
# Start of session at: Thu Apr 29 09:07:56 2021
# Process ID: 29568
# Current directory: C:/Users/George/Desktop/Github/Bronco Pong/Testing stuff out/joystick pmod/JSTK_SPI_rev1
# Command line: vivado.exe -gui_launcher_event rodinguilauncherevent30032 C:\Users\George\Desktop\Github\Bronco Pong\Testing stuff out\joystick pmod\JSTK_SPI_rev1\JSTK_SPI_rev1.xpr
# Log file: C:/Users/George/Desktop/Github/Bronco Pong/Testing stuff out/joystick pmod/JSTK_SPI_rev1/vivado.log
# Journal file: C:/Users/George/Desktop/Github/Bronco Pong/Testing stuff out/joystick pmod/JSTK_SPI_rev1\vivado.jou
#-----------------------------------------------------------
start_gui
open_project {C:/Users/George/Desktop/Github/Bronco Pong/Testing stuff out/joystick pmod/JSTK_SPI_rev1/JSTK_SPI_rev1.xpr}
update_compile_order -fileset sources_1
synth_design -rtl -rtl_skip_mlo -name rtl_1
