#-----------------------------------------------------------
# Vivado v2020.2 (64-bit)
# SW Build 3064766 on Wed Nov 18 09:12:45 MST 2020
# IP Build 3064653 on Wed Nov 18 14:17:31 MST 2020
# Start of session at: Thu May  6 15:12:22 2021
# Process ID: 11868
# Current directory: C:/Users/Jonathan/Documents/project1-mypart
# Command line: vivado.exe -gui_launcher_event rodinguilauncherevent580 C:\Users\Jonathan\Documents\project1-mypart\project_1.xpr
# Log file: C:/Users/Jonathan/Documents/project1-mypart/vivado.log
# Journal file: C:/Users/Jonathan/Documents/project1-mypart\vivado.jou
#-----------------------------------------------------------
start_gui
open_project C:/Users/Jonathan/Documents/project1-mypart/project_1.xpr
update_compile_order -fileset sources_1
synth_design -rtl -rtl_skip_mlo -name rtl_1
reset_run synth_1
launch_runs impl_1 -to_step write_bitstream -jobs 8
wait_on_run impl_1
refresh_design
close_design
reset_run synth_1
launch_runs impl_1 -to_step write_bitstream -jobs 8
wait_on_run impl_1
reset_run synth_1
launch_runs impl_1 -to_step write_bitstream -jobs 8
wait_on_run impl_1
open_hw_manager
connect_hw_server -allow_non_jtag
open_hw_target
set_property PROGRAM.FILE {C:/Users/Jonathan/Documents/project1-mypart/project_1.runs/impl_1/test_top.bit} [get_hw_devices xc7z010_1]
current_hw_device [get_hw_devices xc7z010_1]
refresh_hw_device -update_hw_probes false [lindex [get_hw_devices xc7z010_1] 0]
set_property PROBES.FILE {} [get_hw_devices xc7z010_1]
set_property FULL_PROBES.FILE {} [get_hw_devices xc7z010_1]
set_property PROGRAM.FILE {C:/Users/Jonathan/Documents/project1-mypart/project_1.runs/impl_1/test_top.bit} [get_hw_devices xc7z010_1]
program_hw_devices [get_hw_devices xc7z010_1]
refresh_hw_device [lindex [get_hw_devices xc7z010_1] 0]
close_hw_manager
