#-----------------------------------------------------------
# Vivado v2020.2 (64-bit)
# SW Build 3064766 on Wed Nov 18 09:12:45 MST 2020
# IP Build 3064653 on Wed Nov 18 14:17:31 MST 2020
# Start of session at: Tue May 11 16:01:15 2021
# Process ID: 17100
# Current directory: C:/Users/poise/OneDrive/Desktop/ETE4451_BroncoPong
# Command line: vivado.exe -gui_launcher_event rodinguilauncherevent3352 C:\Users\poise\OneDrive\Desktop\ETE4451_BroncoPong\ETE4451_BroncoPong.xpr
# Log file: C:/Users/poise/OneDrive/Desktop/ETE4451_BroncoPong/vivado.log
# Journal file: C:/Users/poise/OneDrive/Desktop/ETE4451_BroncoPong\vivado.jou
#-----------------------------------------------------------
start_gui
open_project C:/Users/poise/OneDrive/Desktop/ETE4451_BroncoPong/ETE4451_BroncoPong.xpr
update_compile_order -fileset sources_1
open_project C:/Users/poise/OneDrive/Desktop/labs/test1/test1.xpr
update_compile_order -fileset sources_1
current_project ETE4451_BroncoPong
close [ open C:/Users/poise/OneDrive/Desktop/ETE4451_BroncoPong/ETE4451_BroncoPong.srcs/sources_1/new/BallCollision.v w ]
add_files C:/Users/poise/OneDrive/Desktop/ETE4451_BroncoPong/ETE4451_BroncoPong.srcs/sources_1/new/BallCollision.v
update_compile_order -fileset sources_1
update_compile_order -fileset sources_1
close_project
