#-----------------------------------------------------------
# Vivado v2020.2 (64-bit)
# SW Build 3064766 on Wed Nov 18 09:12:45 MST 2020
# IP Build 3064653 on Wed Nov 18 14:17:31 MST 2020
# Start of session at: Mon May 17 19:10:42 2021
# Process ID: 24924
# Current directory: C:/Users/George/Desktop/Github/Bronco Pong/Subsystems/sub_HDMI_wFrameBuffer
# Command line: vivado.exe -gui_launcher_event rodinguilauncherevent3636 C:\Users\George\Desktop\Github\Bronco Pong\Subsystems\sub_HDMI_wFrameBuffer\project_1.xpr
# Log file: C:/Users/George/Desktop/Github/Bronco Pong/Subsystems/sub_HDMI_wFrameBuffer/vivado.log
# Journal file: C:/Users/George/Desktop/Github/Bronco Pong/Subsystems/sub_HDMI_wFrameBuffer\vivado.jou
#-----------------------------------------------------------
start_gui
open_project {C:/Users/George/Desktop/Github/Bronco Pong/Subsystems/sub_HDMI_wFrameBuffer/project_1.xpr}
update_compile_order -fileset sources_1
launch_simulation
open_wave_config {C:/Users/George/Desktop/Github/Bronco Pong/Subsystems/sub_HDMI_wFrameBuffer/test_tb_behav1.wcfg}
source test_tb.tcl
run 1.1 s
close_sim
