Copyright 1986-2019 Xilinx, Inc. All Rights Reserved.
------------------------------------------------------------------------------------------------------------------------------------
| Tool Version : Vivado v.2019.2 (win64) Build 2708876 Wed Nov  6 21:40:23 MST 2019
| Date         : Tue Mar  9 11:03:29 2021
| Host         : DESKTOP-MB5IJCE running 64-bit major release  (build 9200)
| Command      : report_drc -file videoGenerator_drc_routed.rpt -pb videoGenerator_drc_routed.pb -rpx videoGenerator_drc_routed.rpx
| Design       : videoGenerator
| Device       : xc7z020clg400-3
| Speed File   : -3
| Design State : Fully Routed
------------------------------------------------------------------------------------------------------------------------------------

Report DRC

Table of Contents
-----------------
1. REPORT SUMMARY
2. REPORT DETAILS

1. REPORT SUMMARY
-----------------
            Netlist: netlist
          Floorplan: design_1
      Design limits: <entire design considered>
           Ruledeck: default
             Max violations: <unlimited>
             Violations found: 9
+-------------+------------------+--------------------+------------+
| Rule        | Severity         | Description        | Violations |
+-------------+------------------+--------------------+------------+
| IOSTDTYPE-1 | Critical Warning | IOStandard Type    | 8          |
| ZPS7-1      | Warning          | PS7 block required | 1          |
+-------------+------------------+--------------------+------------+

2. REPORT DETAILS
-----------------
IOSTDTYPE-1#1 Critical Warning
IOStandard Type  
I/O port TMDS_TX_N0 is Single-Ended but has an IOStandard of TMDS_33 which can only support Differential
Related violations: <none>

IOSTDTYPE-1#2 Critical Warning
IOStandard Type  
I/O port TMDS_TX_N1 is Single-Ended but has an IOStandard of TMDS_33 which can only support Differential
Related violations: <none>

IOSTDTYPE-1#3 Critical Warning
IOStandard Type  
I/O port TMDS_TX_N2 is Single-Ended but has an IOStandard of TMDS_33 which can only support Differential
Related violations: <none>

IOSTDTYPE-1#4 Critical Warning
IOStandard Type  
I/O port TMDS_TX_N3 is Single-Ended but has an IOStandard of TMDS_33 which can only support Differential
Related violations: <none>

IOSTDTYPE-1#5 Critical Warning
IOStandard Type  
I/O port TMDS_TX_P0 is Single-Ended but has an IOStandard of TMDS_33 which can only support Differential
Related violations: <none>

IOSTDTYPE-1#6 Critical Warning
IOStandard Type  
I/O port TMDS_TX_P1 is Single-Ended but has an IOStandard of TMDS_33 which can only support Differential
Related violations: <none>

IOSTDTYPE-1#7 Critical Warning
IOStandard Type  
I/O port TMDS_TX_P2 is Single-Ended but has an IOStandard of TMDS_33 which can only support Differential
Related violations: <none>

IOSTDTYPE-1#8 Critical Warning
IOStandard Type  
I/O port TMDS_TX_P3 is Single-Ended but has an IOStandard of TMDS_33 which can only support Differential
Related violations: <none>

ZPS7-1#1 Warning
PS7 block required  
The PS7 cell must be used in this Zynq design in order to enable correct default configuration.
Related violations: <none>


