#-----------------------------------------------------------
# Vivado v2020.2 (64-bit)
# SW Build 3064766 on Wed Nov 18 09:12:45 MST 2020
# IP Build 3064653 on Wed Nov 18 14:17:31 MST 2020
# Start of session at: Tue May 11 09:12:14 2021
# Process ID: 9284
# Current directory: C:/Users/George/Desktop/Github/Bronco Pong/Final Implementation/Checkpoints/ETE4451_BroncoPong/ETE4451_BroncoPong.runs/VideoBuffer_blk_mem_gen_0_0_synth_1
# Command line: vivado.exe -log VideoBuffer_blk_mem_gen_0_0.vds -product Vivado -mode batch -messageDb vivado.pb -notrace -source VideoBuffer_blk_mem_gen_0_0.tcl
# Log file: C:/Users/George/Desktop/Github/Bronco Pong/Final Implementation/Checkpoints/ETE4451_BroncoPong/ETE4451_BroncoPong.runs/VideoBuffer_blk_mem_gen_0_0_synth_1/VideoBuffer_blk_mem_gen_0_0.vds
# Journal file: C:/Users/George/Desktop/Github/Bronco Pong/Final Implementation/Checkpoints/ETE4451_BroncoPong/ETE4451_BroncoPong.runs/VideoBuffer_blk_mem_gen_0_0_synth_1\vivado.jou
#-----------------------------------------------------------
source VideoBuffer_blk_mem_gen_0_0.tcl -notrace
